[debug] [2026-05-03T15:06:34.696Z] ----------------------------------------------------------------------
[debug] [2026-05-03T15:06:34.701Z] Command:       C:\Program Files\nodejs\nodejs\node.exe C:\Users\MSI\AppData\Roaming\npm\node_modules\firebase-tools\lib\bin\firebase.js deploy --debug
[debug] [2026-05-03T15:06:34.701Z] CLI Version:   15.16.0
[debug] [2026-05-03T15:06:34.701Z] Platform:      win32
[debug] [2026-05-03T15:06:34.701Z] Node Version:  v24.14.1
[debug] [2026-05-03T15:06:34.701Z] Time:          Sun May 03 2026 22:06:34 GMT+0700 (Western Indonesia Time)
[debug] [2026-05-03T15:06:34.701Z] ----------------------------------------------------------------------
[debug] 
[debug] [2026-05-03T15:06:36.420Z] > command requires scopes: ["email","openid","https://www.googleapis.com/auth/cloudplatformprojects.readonly","https://www.googleapis.com/auth/firebase","https://www.googleapis.com/auth/cloud-platform"]
[debug] [2026-05-03T15:06:36.423Z] > authorizing via signed-in user (subflow27@gmail.com)
[debug] [2026-05-03T15:06:36.423Z] [iam] checking project subflow-web-8070c for permissions ["firebase.projects.get","firebasehosting.sites.update"]
[debug] [2026-05-03T15:06:36.425Z] Checked if tokens are valid: true, expires at: 1777823263698
[debug] [2026-05-03T15:06:36.425Z] Checked if tokens are valid: true, expires at: 1777823263698
[debug] [2026-05-03T15:06:36.426Z] >>> [apiv2][query] POST https://cloudresourcemanager.googleapis.com/v1/projects/subflow-web-8070c:testIamPermissions [none]
[debug] [2026-05-03T15:06:36.426Z] >>> [apiv2][(partial)header] POST https://cloudresourcemanager.googleapis.com/v1/projects/subflow-web-8070c:testIamPermissions  x-goog-user-project=subflow-web-8070c
[debug] [2026-05-03T15:06:36.427Z] >>> [apiv2][body] POST https://cloudresourcemanager.googleapis.com/v1/projects/subflow-web-8070c:testIamPermissions {"permissions":["firebase.projects.get","firebasehosting.sites.update"]}
[debug] [2026-05-03T15:06:36.871Z] <<< [apiv2][status] POST https://cloudresourcemanager.googleapis.com/v1/projects/subflow-web-8070c:testIamPermissions 200
[debug] [2026-05-03T15:06:36.872Z] <<< [apiv2][body] POST https://cloudresourcemanager.googleapis.com/v1/projects/subflow-web-8070c:testIamPermissions {"permissions":["firebase.projects.get","firebasehosting.sites.update"]}
[debug] [2026-05-03T15:06:36.872Z] Checked if tokens are valid: true, expires at: 1777823263698
[debug] [2026-05-03T15:06:36.872Z] Checked if tokens are valid: true, expires at: 1777823263698
[debug] [2026-05-03T15:06:36.873Z] >>> [apiv2][query] GET https://firebase.googleapis.com/v1beta1/projects/subflow-web-8070c [none]
[debug] [2026-05-03T15:06:37.577Z] <<< [apiv2][status] GET https://firebase.googleapis.com/v1beta1/projects/subflow-web-8070c 200
[debug] [2026-05-03T15:06:37.577Z] <<< [apiv2][body] GET https://firebase.googleapis.com/v1beta1/projects/subflow-web-8070c {"projectId":"subflow-web-8070c","projectNumber":"139957202151","displayName":"subflow-web-8070c","name":"projects/subflow-web-8070c","resources":{"hostingSite":"subflow-web-8070c"},"state":"ACTIVE","etag":"1_5d4855e8-a5c3-4be3-ae54-bd873a442322"}
[debug] [2026-05-03T15:06:37.578Z] Specified "public" directory "public" does not exist; Deploy to Hosting site "subflow-web-8070c" may fail or be empty.
[info] 
[info] === Deploying to 'subflow-web-8070c'...
[info] 
[info] i  deploying hosting 
[debug] [2026-05-03T15:06:37.580Z] Checked if tokens are valid: true, expires at: 1777823263698
[debug] [2026-05-03T15:06:37.580Z] Checked if tokens are valid: true, expires at: 1777823263698
[debug] [2026-05-03T15:06:37.580Z] >>> [apiv2][query] GET https://firebasehosting.googleapis.com/v1beta1/projects/subflow-web-8070c/sites/subflow-web-8070c [none]
[debug] [2026-05-03T15:06:38.457Z] <<< [apiv2][status] GET https://firebasehosting.googleapis.com/v1beta1/projects/subflow-web-8070c/sites/subflow-web-8070c 200
[debug] [2026-05-03T15:06:38.457Z] <<< [apiv2][body] GET https://firebasehosting.googleapis.com/v1beta1/projects/subflow-web-8070c/sites/subflow-web-8070c {"name":"projects/subflow-web-8070c/sites/subflow-web-8070c","defaultUrl":"https://subflow-web-8070c.web.app","appId":"1:139957202151:web:7605a63c5f29712e608642","type":"DEFAULT_SITE"}
[debug] [2026-05-03T15:06:38.460Z] Checked if tokens are valid: true, expires at: 1777823263698
[debug] [2026-05-03T15:06:38.460Z] Checked if tokens are valid: true, expires at: 1777823263698
[debug] [2026-05-03T15:06:38.460Z] >>> [apiv2][query] POST https://firebasehosting.googleapis.com/v1beta1/projects/-/sites/subflow-web-8070c/versions [none]
[debug] [2026-05-03T15:06:38.461Z] >>> [apiv2][body] POST https://firebasehosting.googleapis.com/v1beta1/projects/-/sites/subflow-web-8070c/versions {"status":"CREATED","labels":{"deployment-tool":"cli-firebase"}}
[debug] [2026-05-03T15:06:39.479Z] <<< [apiv2][status] POST https://firebasehosting.googleapis.com/v1beta1/projects/-/sites/subflow-web-8070c/versions 200
[debug] [2026-05-03T15:06:39.479Z] <<< [apiv2][body] POST https://firebasehosting.googleapis.com/v1beta1/projects/-/sites/subflow-web-8070c/versions {"name":"projects/139957202151/sites/subflow-web-8070c/versions/f0e048b48c505c4b","status":"CREATED","config":{},"labels":{"deployment-tool":"cli-firebase"}}
[info] i  hosting[subflow-web-8070c]: beginning deploy... 
[error] 
[error] Error: Directory 'public' for Hosting does not exist.
